
*** Running vivado
    with args -log top.vds -m64 -product Vivado -mode batch -messageDb vivado.pb -notrace -source top.tcl



****** Vivado v2024.2 (64-bit)
  **** SW Build 5239630 on Fri Nov 08 22:35:27 MST 2024
  **** IP Build 5239520 on Sun Nov 10 16:12:51 MST 2024
  **** SharedData Build 5239561 on Fri Nov 08 14:39:27 MST 2024
  **** Start of session at: Wed Mar  5 21:51:41 2025
    ** Copyright 1986-2022 Xilinx, Inc. All Rights Reserved.
    ** Copyright 2022-2024 Advanced Micro Devices, Inc. All Rights Reserved.

source top.tcl -notrace
create_project: Time (s): cpu = 00:00:06 ; elapsed = 00:00:07 . Memory (MB): peak = 447.914 ; gain = 122.859
Command: read_checkpoint -auto_incremental -incremental C:/Users/andre/Temp_reader/Temp_reader.srcs/utils_1/imports/synth_1/top.dcp
INFO: [Vivado 12-5825] Read reference checkpoint from C:/Users/andre/Temp_reader/Temp_reader.srcs/utils_1/imports/synth_1/top.dcp for incremental synthesis
INFO: [Vivado 12-7989] Please ensure there are no constraint changes
Command: synth_design -top top -part xc7a100tcsg324-1
Starting synth_design
Attempting to get a license for feature 'Synthesis' and/or device 'xc7a100t'
INFO: [Common 17-349] Got license for feature 'Synthesis' and/or device 'xc7a100t'
INFO: [Device 21-403] Loading part xc7a100tcsg324-1
INFO: [Designutils 20-5440] No compile time benefit to using incremental synthesis; A full resynthesis will be run
INFO: [Designutils 20-4379] Flow is switching to default flow due to incremental criteria not met. If you would like to alter this behaviour and have the flow terminate instead, please set the following parameter config_implementation {autoIncr.Synth.RejectBehavior Terminate}
INFO: [Synth 8-7079] Multithreading enabled for synth_design using a maximum of 2 processes.
INFO: [Synth 8-7078] Launching helper process for spawning children vivado processes
INFO: [Synth 8-7075] Helper process launched with PID 50848
---------------------------------------------------------------------------------
Starting RTL Elaboration : Time (s): cpu = 00:00:07 ; elapsed = 00:00:08 . Memory (MB): peak = 1123.602 ; gain = 469.418
---------------------------------------------------------------------------------
INFO: [Synth 8-638] synthesizing module 'top' [C:/Users/andre/Temp_reader/Temp_reader.srcs/sources_1/new/container.vhd:20]
WARNING: [Synth 8-5640] Port 'cnt' is missing in component declaration [C:/Users/andre/Temp_reader/Temp_reader.srcs/sources_1/new/container.vhd:26]
INFO: [Synth 8-3491] module 'i2c_master' declared at 'C:/Users/andre/Temp_reader/Temp_reader.srcs/sources_1/new/i2c_master.vhd:5' bound to instance 'i2c_master_inst' of component 'i2c_master' [C:/Users/andre/Temp_reader/Temp_reader.srcs/sources_1/new/container.vhd:65]
INFO: [Synth 8-638] synthesizing module 'i2c_master' [C:/Users/andre/Temp_reader/Temp_reader.srcs/sources_1/new/i2c_master.vhd:17]
INFO: [Synth 8-256] done synthesizing module 'i2c_master' (0#1) [C:/Users/andre/Temp_reader/Temp_reader.srcs/sources_1/new/i2c_master.vhd:17]
WARNING: [Synth 8-547] port direction mismatch for port 'SDA_dir' [C:/Users/andre/Temp_reader/Temp_reader.srcs/sources_1/new/container.vhd:65]
INFO: [Synth 8-3491] module 'clkgen_200kHz' declared at 'C:/Users/andre/Temp_reader/Temp_reader.srcs/sources_1/new/clkgen_200khz.vhd:6' bound to instance 'clkgen_200kHz_inst' of component 'clkgen_200kHz' [C:/Users/andre/Temp_reader/Temp_reader.srcs/sources_1/new/container.vhd:76]
INFO: [Synth 8-638] synthesizing module 'clkgen_200kHz' [C:/Users/andre/Temp_reader/Temp_reader.srcs/sources_1/new/clkgen_200khz.vhd:12]
INFO: [Synth 8-256] done synthesizing module 'clkgen_200kHz' (0#1) [C:/Users/andre/Temp_reader/Temp_reader.srcs/sources_1/new/clkgen_200khz.vhd:12]
INFO: [Synth 8-3491] module 'seven_seg_display' declared at 'C:/Users/andre/Temp_reader/Temp_reader.srcs/sources_1/new/seven_seg.vhd:5' bound to instance 'seven_seg_display_inst' of component 'seven_seg_display' [C:/Users/andre/Temp_reader/Temp_reader.srcs/sources_1/new/container.vhd:82]
INFO: [Synth 8-638] synthesizing module 'seven_seg_display' [C:/Users/andre/Temp_reader/Temp_reader.srcs/sources_1/new/seven_seg.vhd:15]
WARNING: [Synth 8-614] signal 'number_to_show' is read in the process but is not in the sensitivity list [C:/Users/andre/Temp_reader/Temp_reader.srcs/sources_1/new/seven_seg.vhd:23]
INFO: [Synth 8-256] done synthesizing module 'seven_seg_display' (0#1) [C:/Users/andre/Temp_reader/Temp_reader.srcs/sources_1/new/seven_seg.vhd:15]
INFO: [Synth 8-3491] module 'SPI_SLAVE_TX' declared at 'C:/Users/andre/Temp_reader/Temp_reader.srcs/sources_1/new/SPI_Slave.vhd:5' bound to instance 'spi_slave_inst' of component 'SPI_SLAVE_TX' [C:/Users/andre/Temp_reader/Temp_reader.srcs/sources_1/new/container.vhd:89]
INFO: [Synth 8-638] synthesizing module 'SPI_SLAVE_TX' [C:/Users/andre/Temp_reader/Temp_reader.srcs/sources_1/new/SPI_Slave.vhd:17]
INFO: [Synth 8-256] done synthesizing module 'SPI_SLAVE_TX' (0#1) [C:/Users/andre/Temp_reader/Temp_reader.srcs/sources_1/new/SPI_Slave.vhd:17]
INFO: [Synth 8-256] done synthesizing module 'top' (0#1) [C:/Users/andre/Temp_reader/Temp_reader.srcs/sources_1/new/container.vhd:20]
WARNING: [Synth 8-6014] Unused sequential element bit_counter_reg was removed.  [C:/Users/andre/Temp_reader/Temp_reader.srcs/sources_1/new/SPI_Slave.vhd:34]
---------------------------------------------------------------------------------
Finished RTL Elaboration : Time (s): cpu = 00:00:09 ; elapsed = 00:00:11 . Memory (MB): peak = 1231.609 ; gain = 577.426
---------------------------------------------------------------------------------
---------------------------------------------------------------------------------
Start Handling Custom Attributes
---------------------------------------------------------------------------------
---------------------------------------------------------------------------------
Finished Handling Custom Attributes : Time (s): cpu = 00:00:09 ; elapsed = 00:00:11 . Memory (MB): peak = 1231.609 ; gain = 577.426
---------------------------------------------------------------------------------
---------------------------------------------------------------------------------
Finished RTL Optimization Phase 1 : Time (s): cpu = 00:00:09 ; elapsed = 00:00:11 . Memory (MB): peak = 1231.609 ; gain = 577.426
---------------------------------------------------------------------------------
Netlist sorting complete. Time (s): cpu = 00:00:00 ; elapsed = 00:00:00.005 . Memory (MB): peak = 1231.609 ; gain = 0.000
INFO: [Project 1-570] Preparing netlist for logic optimization

Processing XDC Constraints
Initializing timing engine
Parsing XDC File [C:/Users/andre/Temp_reader/Temp_reader.srcs/constrs_1/new/master.xdc]
Finished Parsing XDC File [C:/Users/andre/Temp_reader/Temp_reader.srcs/constrs_1/new/master.xdc]
INFO: [Project 1-236] Implementation specific constraints were found while reading constraint file [C:/Users/andre/Temp_reader/Temp_reader.srcs/constrs_1/new/master.xdc]. These constraints will be ignored for synthesis but will be used in implementation. Impacted constraints are listed in the file [.Xil/top_propImpl.xdc].
Resolution: To avoid this warning, move constraints listed in [.Xil/top_propImpl.xdc] to another XDC file and exclude this new file from synthesis with the used_in_synthesis property (File Properties dialog in GUI) and re-run elaboration/synthesis.
Completed Processing XDC Constraints

Netlist sorting complete. Time (s): cpu = 00:00:00 ; elapsed = 00:00:00.001 . Memory (MB): peak = 1316.832 ; gain = 0.000
INFO: [Project 1-111] Unisim Transformation Summary:
No Unisim elements were transformed.

Constraint Validation Runtime : Time (s): cpu = 00:00:00 ; elapsed = 00:00:00.007 . Memory (MB): peak = 1316.832 ; gain = 0.000
INFO: [Designutils 20-5440] No compile time benefit to using incremental synthesis; A full resynthesis will be run
INFO: [Designutils 20-4379] Flow is switching to default flow due to incremental criteria not met. If you would like to alter this behaviour and have the flow terminate instead, please set the following parameter config_implementation {autoIncr.Synth.RejectBehavior Terminate}
---------------------------------------------------------------------------------
Finished Constraint Validation : Time (s): cpu = 00:00:26 ; elapsed = 00:00:29 . Memory (MB): peak = 1316.832 ; gain = 662.648
---------------------------------------------------------------------------------
---------------------------------------------------------------------------------
Start Loading Part and Timing Information
---------------------------------------------------------------------------------
Loading part: xc7a100tcsg324-1
---------------------------------------------------------------------------------
Finished Loading Part and Timing Information : Time (s): cpu = 00:00:26 ; elapsed = 00:00:29 . Memory (MB): peak = 1316.832 ; gain = 662.648
---------------------------------------------------------------------------------
---------------------------------------------------------------------------------
Start Applying 'set_property' XDC Constraints
---------------------------------------------------------------------------------
---------------------------------------------------------------------------------
Finished applying 'set_property' XDC Constraints : Time (s): cpu = 00:00:26 ; elapsed = 00:00:29 . Memory (MB): peak = 1316.832 ; gain = 662.648
---------------------------------------------------------------------------------
INFO: [Synth 8-802] inferred FSM for state register 'state_reg_reg' in module 'i2c_master'
---------------------------------------------------------------------------------------------------
                   State |                     New Encoding |                Previous Encoding 
---------------------------------------------------------------------------------------------------
                power_up |                             1000 |                             0000
                   start |                             0001 |                             0001
               send_addr |                             0111 |                             1000
                 send_rw |                             0110 |                             0010
                 rec_ack |                             0101 |                             0011
                 rec_msb |                             0100 |                             0100
                send_ack |                             0011 |                             0101
                 rec_lsb |                             0010 |                             0110
                    nack |                             0000 |                             0111
---------------------------------------------------------------------------------------------------
INFO: [Synth 8-3354] encoded FSM with state register 'state_reg_reg' using encoding 'sequential' in module 'i2c_master'
---------------------------------------------------------------------------------
Finished RTL Optimization Phase 2 : Time (s): cpu = 00:00:27 ; elapsed = 00:00:31 . Memory (MB): peak = 1316.832 ; gain = 662.648
---------------------------------------------------------------------------------
---------------------------------------------------------------------------------
Start RTL Component Statistics 
---------------------------------------------------------------------------------
Detailed RTL Component Info : 
+---Adders : 
	   2 Input   17 Bit       Adders := 1     
	   2 Input   15 Bit       Adders := 3     
	   2 Input   14 Bit       Adders := 3     
	   2 Input   13 Bit       Adders := 3     
	   2 Input   12 Bit       Adders := 4     
	   2 Input    8 Bit       Adders := 1     
	   2 Input    4 Bit       Adders := 1     
+---Registers : 
	               32 Bit    Registers := 3     
	               17 Bit    Registers := 1     
	               12 Bit    Registers := 1     
	                8 Bit    Registers := 5     
	                4 Bit    Registers := 1     
	                1 Bit    Registers := 9     
+---Muxes : 
	   2 Input   32 Bit        Muxes := 1     
	   2 Input   14 Bit        Muxes := 3     
	   2 Input   12 Bit        Muxes := 3     
	   9 Input   12 Bit        Muxes := 1     
	   2 Input    8 Bit        Muxes := 6     
	   9 Input    8 Bit        Muxes := 2     
	   2 Input    7 Bit        Muxes := 1     
	   9 Input    4 Bit        Muxes := 1     
	   2 Input    4 Bit        Muxes := 1     
	   2 Input    1 Bit        Muxes := 6     
	   3 Input    1 Bit        Muxes := 1     
	   9 Input    1 Bit        Muxes := 3     
---------------------------------------------------------------------------------
Finished RTL Component Statistics 
---------------------------------------------------------------------------------
---------------------------------------------------------------------------------
Start Part Resource Summary
---------------------------------------------------------------------------------
Part Resources:
DSPs: 240 (col length:80)
BRAMs: 270 (col length: RAMB18 80 RAMB36 40)
---------------------------------------------------------------------------------
Finished Part Resource Summary
---------------------------------------------------------------------------------
---------------------------------------------------------------------------------
Start Cross Boundary and Area Optimization
---------------------------------------------------------------------------------
WARNING: [Synth 8-7080] Parallel synthesis criteria is not met
---------------------------------------------------------------------------------
Finished Cross Boundary and Area Optimization : Time (s): cpu = 00:00:36 ; elapsed = 00:00:41 . Memory (MB): peak = 1316.832 ; gain = 662.648
---------------------------------------------------------------------------------
---------------------------------------------------------------------------------
Start Applying XDC Timing Constraints
---------------------------------------------------------------------------------
---------------------------------------------------------------------------------
Finished Applying XDC Timing Constraints : Time (s): cpu = 00:00:51 ; elapsed = 00:00:57 . Memory (MB): peak = 1425.645 ; gain = 771.461
---------------------------------------------------------------------------------
---------------------------------------------------------------------------------
Start Timing Optimization
---------------------------------------------------------------------------------
---------------------------------------------------------------------------------
Finished Timing Optimization : Time (s): cpu = 00:00:51 ; elapsed = 00:00:57 . Memory (MB): peak = 1445.125 ; gain = 790.941
---------------------------------------------------------------------------------
---------------------------------------------------------------------------------
Start Technology Mapping
---------------------------------------------------------------------------------
---------------------------------------------------------------------------------
Finished Technology Mapping : Time (s): cpu = 00:00:51 ; elapsed = 00:00:58 . Memory (MB): peak = 1446.102 ; gain = 791.918
---------------------------------------------------------------------------------
---------------------------------------------------------------------------------
Start IO Insertion
---------------------------------------------------------------------------------
---------------------------------------------------------------------------------
Start Flattening Before IO Insertion
---------------------------------------------------------------------------------
---------------------------------------------------------------------------------
Finished Flattening Before IO Insertion
---------------------------------------------------------------------------------
---------------------------------------------------------------------------------
Start Final Netlist Cleanup
---------------------------------------------------------------------------------
---------------------------------------------------------------------------------
Finished Final Netlist Cleanup
---------------------------------------------------------------------------------
---------------------------------------------------------------------------------
Finished IO Insertion : Time (s): cpu = 00:00:59 ; elapsed = 00:01:06 . Memory (MB): peak = 1652.195 ; gain = 998.012
---------------------------------------------------------------------------------
---------------------------------------------------------------------------------
Start Renaming Generated Instances
---------------------------------------------------------------------------------
---------------------------------------------------------------------------------
Finished Renaming Generated Instances : Time (s): cpu = 00:00:59 ; elapsed = 00:01:06 . Memory (MB): peak = 1652.195 ; gain = 998.012
---------------------------------------------------------------------------------
---------------------------------------------------------------------------------
Start Rebuilding User Hierarchy
---------------------------------------------------------------------------------
---------------------------------------------------------------------------------
Finished Rebuilding User Hierarchy : Time (s): cpu = 00:00:59 ; elapsed = 00:01:07 . Memory (MB): peak = 1652.195 ; gain = 998.012
---------------------------------------------------------------------------------
---------------------------------------------------------------------------------
Start Renaming Generated Ports
---------------------------------------------------------------------------------
---------------------------------------------------------------------------------
Finished Renaming Generated Ports : Time (s): cpu = 00:00:59 ; elapsed = 00:01:07 . Memory (MB): peak = 1652.195 ; gain = 998.012
---------------------------------------------------------------------------------
---------------------------------------------------------------------------------
Start Handling Custom Attributes
---------------------------------------------------------------------------------
---------------------------------------------------------------------------------
Finished Handling Custom Attributes : Time (s): cpu = 00:00:59 ; elapsed = 00:01:07 . Memory (MB): peak = 1652.195 ; gain = 998.012
---------------------------------------------------------------------------------
---------------------------------------------------------------------------------
Start Renaming Generated Nets
---------------------------------------------------------------------------------
---------------------------------------------------------------------------------
Finished Renaming Generated Nets : Time (s): cpu = 00:00:59 ; elapsed = 00:01:07 . Memory (MB): peak = 1652.195 ; gain = 998.012
---------------------------------------------------------------------------------
---------------------------------------------------------------------------------
Start Writing Synthesis Report
---------------------------------------------------------------------------------

Report BlackBoxes: 
+-+--------------+----------+
| |BlackBox name |Instances |
+-+--------------+----------+
+-+--------------+----------+

Report Cell Usage: 
+------+-------+------+
|      |Cell   |Count |
+------+-------+------+
|1     |BUFG   |     1|
|2     |CARRY4 |    66|
|3     |LUT1   |    60|
|4     |LUT2   |    32|
|5     |LUT3   |    57|
|6     |LUT4   |    60|
|7     |LUT5   |    51|
|8     |LUT6   |   183|
|9     |FDCE   |    20|
|10    |FDPE   |     1|
|11    |FDRE   |    66|
|12    |IBUF   |     4|
|13    |IOBUF  |     1|
|14    |OBUF   |    25|
+------+-------+------+
---------------------------------------------------------------------------------
Finished Writing Synthesis Report : Time (s): cpu = 00:00:59 ; elapsed = 00:01:07 . Memory (MB): peak = 1652.195 ; gain = 998.012
---------------------------------------------------------------------------------
Synthesis finished with 0 errors, 0 critical warnings and 1 warnings.
Synthesis Optimization Runtime : Time (s): cpu = 00:00:46 ; elapsed = 00:01:03 . Memory (MB): peak = 1652.195 ; gain = 912.789
Synthesis Optimization Complete : Time (s): cpu = 00:00:59 ; elapsed = 00:01:07 . Memory (MB): peak = 1652.195 ; gain = 998.012
INFO: [Project 1-571] Translating synthesized netlist
Netlist sorting complete. Time (s): cpu = 00:00:00 ; elapsed = 00:00:00.008 . Memory (MB): peak = 1652.195 ; gain = 0.000
INFO: [Netlist 29-17] Analyzing 67 Unisim elements for replacement
INFO: [Netlist 29-28] Unisim Transformation completed in 0 CPU seconds
INFO: [Project 1-570] Preparing netlist for logic optimization
INFO: [Opt 31-138] Pushed 0 inverter(s) to 0 load pin(s).
Netlist sorting complete. Time (s): cpu = 00:00:00 ; elapsed = 00:00:00 . Memory (MB): peak = 1652.195 ; gain = 0.000
INFO: [Project 1-111] Unisim Transformation Summary:
  A total of 1 instances were transformed.
  IOBUF => IOBUF (IBUF, OBUFT): 1 instance 

Synth Design complete | Checksum: fd0f4529
INFO: [Common 17-83] Releasing license: Synthesis
37 Infos, 5 Warnings, 0 Critical Warnings and 0 Errors encountered.
synth_design completed successfully
synth_design: Time (s): cpu = 00:01:07 ; elapsed = 00:01:18 . Memory (MB): peak = 1652.195 ; gain = 1200.023
Write ShapeDB Complete: Time (s): cpu = 00:00:00 ; elapsed = 00:00:00.014 . Memory (MB): peak = 1652.195 ; gain = 0.000
INFO: [Common 17-1381] The checkpoint 'C:/Users/andre/Temp_reader/Temp_reader.runs/synth_1/top.dcp' has been generated.
INFO: [Vivado 12-24828] Executing command : report_utilization -file top_utilization_synth.rpt -pb top_utilization_synth.pb
INFO: [Common 17-206] Exiting Vivado at Wed Mar  5 21:53:13 2025...
